<?xml version="1.0" encoding="UTF-8"?>
<testsuites>
    <testsuite name="some-terse-yet-descriptive-text-of-what-is-desired-like-bla-bla;some-determinable-business-situation" tests="9" failures="0" skipped="0">
        <properties>
            <property name="@BSPID1001REV0.2.0" value="true">
            </property>
            <property name="@Quick" value="true">
            </property>
            <property name="@full" value="true">
            </property>
            <property name="@annoy" value="true">
            </property>
            <property name="URI" value="features\robustgherkin.feature">
            </property>
        </properties>
        <testcase name="Given a global administrator named &quot;Greg&quot;" classname="some-terse-yet-descriptive-text-of-what-is-desired-like-bla-bla;some-determinable-business-situation">
        </testcase>
        <testcase name="* a blog named &quot;Greg&apos;s anti-tax rants&quot;" classname="some-terse-yet-descriptive-text-of-what-is-desired-like-bla-bla;some-determinable-business-situation" time="0.001">
        </testcase>
        <testcase name="* a customer named &quot;Wilson&quot;" classname="some-terse-yet-descriptive-text-of-what-is-desired-like-bla-bla;some-determinable-business-situation">
        </testcase>
        <testcase name="Given the following people exist:" classname="some-terse-yet-descriptive-text-of-what-is-desired-like-bla-bla;some-determinable-business-situation">
        </testcase>
        <testcase name="And some precondition 1" classname="some-terse-yet-descriptive-text-of-what-is-desired-like-bla-bla;some-determinable-business-situation">
        </testcase>
        <testcase name="When some action by the actor" classname="some-terse-yet-descriptive-text-of-what-is-desired-like-bla-bla;some-determinable-business-situation">
        </testcase>
        <testcase name="And some other action" classname="some-terse-yet-descriptive-text-of-what-is-desired-like-bla-bla;some-determinable-business-situation">
        </testcase>
        <testcase name="Then some testable outcome is achieved" classname="some-terse-yet-descriptive-text-of-what-is-desired-like-bla-bla;some-determinable-business-situation">
        </testcase>
        <testcase name="And something else we can check happens too" classname="some-terse-yet-descriptive-text-of-what-is-desired-like-bla-bla;some-determinable-business-situation">
        </testcase>
    </testsuite>
    <testsuite name="some-terse-yet-descriptive-text-of-what-is-desired-like-bla-bla;some-another-scenario-2" tests="10" failures="0" skipped="0">
        <properties>
            <property name="@BSPID1001REV0.2.0" value="true">
            </property>
            <property name="@Quick" value="true">
            </property>
            <property name="@nightly" value="true">
            </property>
            <property name="URI" value="features\robustgherkin.feature">
            </property>
        </properties>
        <testcase name="Given a global administrator named &quot;Greg&quot;" classname="some-terse-yet-descriptive-text-of-what-is-desired-like-bla-bla;some-another-scenario-2">
        </testcase>
        <testcase name="* a blog named &quot;Greg&apos;s anti-tax rants&quot;" classname="some-terse-yet-descriptive-text-of-what-is-desired-like-bla-bla;some-another-scenario-2">
        </testcase>
        <testcase name="* a customer named &quot;Wilson&quot;" classname="some-terse-yet-descriptive-text-of-what-is-desired-like-bla-bla;some-another-scenario-2">
        </testcase>
        <testcase name="Given some precondition" classname="some-terse-yet-descriptive-text-of-what-is-desired-like-bla-bla;some-another-scenario-2" time="0.001">
        </testcase>
        <testcase name="And some other precondition with doc string" classname="some-terse-yet-descriptive-text-of-what-is-desired-like-bla-bla;some-another-scenario-2">
        </testcase>
        <testcase name="When some action by the actor" classname="some-terse-yet-descriptive-text-of-what-is-desired-like-bla-bla;some-another-scenario-2">
        </testcase>
        <testcase name="And yet another action" classname="some-terse-yet-descriptive-text-of-what-is-desired-like-bla-bla;some-another-scenario-2">
        </testcase>
        <testcase name="Then some testable outcome is achieved" classname="some-terse-yet-descriptive-text-of-what-is-desired-like-bla-bla;some-another-scenario-2">
        </testcase>
        <testcase name="* something else we can check happens too" classname="some-terse-yet-descriptive-text-of-what-is-desired-like-bla-bla;some-another-scenario-2">
        </testcase>
        <testcase name="But I don&apos;t see something else" classname="some-terse-yet-descriptive-text-of-what-is-desired-like-bla-bla;some-another-scenario-2">
        </testcase>
    </testsuite>
    <testsuite name="some-terse-yet-descriptive-text-of-what-is-desired-like-bla-bla;feeding-a-cow-cow1-yum-yum-yum" tests="6" failures="0" skipped="0">
        <properties>
            <property name="@BSPID1001REV0.2.0" value="true">
            </property>
            <property name="URI" value="features\robustgherkin.feature">
            </property>
        </properties>
        <testcase name="Given a global administrator named &quot;Greg&quot;" classname="some-terse-yet-descriptive-text-of-what-is-desired-like-bla-bla;feeding-a-cow-cow1-yum-yum-yum" time="0.001">
        </testcase>
        <testcase name="* a blog named &quot;Greg&apos;s anti-tax rants&quot;" classname="some-terse-yet-descriptive-text-of-what-is-desired-like-bla-bla;feeding-a-cow-cow1-yum-yum-yum">
        </testcase>
        <testcase name="* a customer named &quot;Wilson&quot;" classname="some-terse-yet-descriptive-text-of-what-is-desired-like-bla-bla;feeding-a-cow-cow1-yum-yum-yum">
        </testcase>
        <testcase name="Given the cow weighs 450 kg" classname="some-terse-yet-descriptive-text-of-what-is-desired-like-bla-bla;feeding-a-cow-cow1-yum-yum-yum">
        </testcase>
        <testcase name="When we calculate the feeding requirements" classname="some-terse-yet-descriptive-text-of-what-is-desired-like-bla-bla;feeding-a-cow-cow1-yum-yum-yum">
        </testcase>
        <testcase name="Then the energy should be 26500 MJ" classname="some-terse-yet-descriptive-text-of-what-is-desired-like-bla-bla;feeding-a-cow-cow1-yum-yum-yum">
        </testcase>
    </testsuite>
    <testsuite name="some-terse-yet-descriptive-text-of-what-is-desired-like-bla-bla;feeding-a-cow-cow2-yum-yum-yum" tests="6" failures="0" skipped="0">
        <properties>
            <property name="@BSPID1001REV0.2.0" value="true">
            </property>
            <property name="URI" value="features\robustgherkin.feature">
            </property>
        </properties>
        <testcase name="Given a global administrator named &quot;Greg&quot;" classname="some-terse-yet-descriptive-text-of-what-is-desired-like-bla-bla;feeding-a-cow-cow2-yum-yum-yum" time="0.001">
        </testcase>
        <testcase name="* a blog named &quot;Greg&apos;s anti-tax rants&quot;" classname="some-terse-yet-descriptive-text-of-what-is-desired-like-bla-bla;feeding-a-cow-cow2-yum-yum-yum">
        </testcase>
        <testcase name="* a customer named &quot;Wilson&quot;" classname="some-terse-yet-descriptive-text-of-what-is-desired-like-bla-bla;feeding-a-cow-cow2-yum-yum-yum">
        </testcase>
        <testcase name="Given the cow weighs 500 kg" classname="some-terse-yet-descriptive-text-of-what-is-desired-like-bla-bla;feeding-a-cow-cow2-yum-yum-yum">
        </testcase>
        <testcase name="When we calculate the feeding requirements" classname="some-terse-yet-descriptive-text-of-what-is-desired-like-bla-bla;feeding-a-cow-cow2-yum-yum-yum">
        </testcase>
        <testcase name="Then the energy should be 29500 MJ" classname="some-terse-yet-descriptive-text-of-what-is-desired-like-bla-bla;feeding-a-cow-cow2-yum-yum-yum">
        </testcase>
    </testsuite>
</testsuites>
